// Vitest Snapshot v1, https://vitest.dev/guide/snapshot.html

exports[`PriceCard > should match snapshots 1`] = `
<div>
  <div
    class="bg-white/10 backdrop-blur-lg rounded-xl p-6 shadow-xl border border-white/20"
  >
    <h2
      class="text-xl font-semibold text-blue-200 mb-4"
    >
      GBP
    </h2>
    <div
      class="flex items-baseline justify-between"
    >
      <span
        class="text-3xl font-bold text-white"
      >
        300.0000
      </span>
    </div>
  </div>
</div>
`;
